// Jest Snapshot v1, https://goo.gl/fbAQLP

exports[`<FilterBar /> renders correctly 1`] = `
.c0 {
  display: -webkit-box;
  display: -webkit-flex;
  display: -ms-flexbox;
  display: flex;
  width: 100%;
  height: 15%;
  -webkit-align-items: center;
  -webkit-box-align: center;
  -ms-flex-align: center;
  align-items: center;
}

.c0 p {
  width: 100%;
  font-weight: bold;
  font-size: 16px;
  line-height: 19px;
  text-align: center;
  color: white;
}

.c0 input {
  width: 338px;
  height: 28px;
  border-radius: 43px;
  padding-left: 10px;
  border-style: none;
  background: white;
  background-image: url(magnifying-glass.svg);
  background-position: 7px 7px;
  background-repeat: no-repeat;
  text-indent: 30px;
}

.c0 input:focus {
  outline: none;
}

.c1 {
  display: -webkit-box;
  display: -webkit-flex;
  display: -ms-flexbox;
  display: flex;
  width: -webkit-fit-content;
  width: -moz-fit-content;
  width: fit-content;
  height: 28px;
  background: rgba(255,255,255,0.53);
  border-radius: 43px;
  margin-right: 25px;
  padding-left: 15px;
  padding-right: 15px;
  -webkit-align-items: center;
  -webkit-box-align: center;
  -ms-flex-align: center;
  align-items: center;
}

.c1 p {
  font-weight: bold;
  font-size: 12px;
  padding-right: 20px;
  color: black;
  margin: 0;
}

.c1 img {
  width: 12px;
  height: 12px;
}

<div
  className="c0"
>
  <div
    className="c1"
  >
    <p>
      Design Areas
    </p>
    <img
      alt="expand"
      src="down-arrow.png"
    />
  </div>
  <div
    className="c1"
  >
    <p>
      Major/Minors
    </p>
    <img
      alt="expand"
      src="down-arrow.png"
    />
  </div>
  <div
    className="c1"
  >
    <p>
      Semester
    </p>
    <img
      alt="expand"
      src="down-arrow.png"
    />
  </div>
  <div
    className="c1"
  >
    <p>
      Level
    </p>
    <img
      alt="expand"
      src="down-arrow.png"
    />
  </div>
  <div
    className="c1"
  >
    <p>
      Credits
    </p>
    <img
      alt="expand"
      src="down-arrow.png"
    />
  </div>
  <input
    placeholder="Name, Keywords, Topics, Etc"
    type="text"
  />
</div>
`;
