// Jest Snapshot v1, https://goo.gl/fbAQLP

exports[`<Sort /> renders correctly 1`] = `
.c0 {
  display: -webkit-box;
  display: -webkit-flex;
  display: -ms-flexbox;
  display: flex;
  -webkit-flex-direction: column;
  -ms-flex-direction: column;
  flex-direction: column;
  width: 100%;
  height: 80px;
  padding-top: 20px;
  padding-right: 80px;
  -webkit-align-items: flex-end;
  -webkit-box-align: flex-end;
  -ms-flex-align: flex-end;
  align-items: flex-end;
}

.c1 {
  display: -webkit-box;
  display: -webkit-flex;
  display: -ms-flexbox;
  display: flex;
  -webkit-flex-direction: row;
  -ms-flex-direction: row;
  flex-direction: row;
  width: -webkit-fit-content;
  width: -moz-fit-content;
  width: fit-content;
  height: 100%;
  -webkit-align-items: center;
  -webkit-box-align: center;
  -ms-flex-align: center;
  align-items: center;
}

.c1 p {
  font-weight: bold;
  font-size: 20px;
  line-height: 23px;
  margin: 0;
  color: #828282;
}

.c1 img {
  width: 21px;
  height: 14px;
  margin-left: 10px;
}

<div
  className="c0"
>
  <div
    className="c1"
  >
    <p>
      Sort By
    </p>
    <img
      alt="sort"
      src={
        Object {
          "ReactComponent": Object {
            "$$typeof": Symbol(react.forward_ref),
            "render": [Function],
          },
          "__esModule": true,
          "default": "sort-triangle.svg",
        }
      }
    />
  </div>
</div>
`;
